> Task :apis:compileJava UP-TO-DATE
> Task :apis:processResources NO-SOURCE
> Task :apis:classes UP-TO-DATE
> Task :apis:jar UP-TO-DATE
> Task :components:compileJava UP-TO-DATE

BUILD SUCCESSFUL in 1s
3 actionable tasks: 3 up-to-date
Consider enabling configuration cache to speed up this build: https://docs.gradle.org/9.0.0/userguide/configuration_cache_enabling.html
